[2026-01-14 09:35:04] production.ERROR: Unable to detect application namespace. {"exception":"[object] (RuntimeException(code: 0): Unable to detect application namespace. at /var/www/woodson/thehub/vendor/laravel/framework/src/Illuminate/Foundation/Application.php:1717)
[stacktrace]
#0 /var/www/woodson/thehub/vendor/laravel/framework/src/Illuminate/Foundation/Console/RouteListCommand.php(432): Illuminate\\Foundation\\Application->getNamespace()
#1 /var/www/woodson/thehub/vendor/laravel/framework/src/Illuminate/Foundation/Console/RouteListCommand.php(356): Illuminate\\Foundation\\Console\\RouteListCommand->formatActionForCli()
#2 [internal function]: Illuminate\\Foundation\\Console\\RouteListCommand->Illuminate\\Foundation\\Console\\{closure}()
#3 /var/www/woodson/thehub/vendor/laravel/framework/src/Illuminate/Collections/Arr.php(609): array_map()
#4 /var/www/woodson/thehub/vendor/laravel/framework/src/Illuminate/Collections/Collection.php(799): Illuminate\\Support\\Arr::map()
#5 /var/www/woodson/thehub/vendor/laravel/framework/src/Illuminate/Foundation/Console/RouteListCommand.php(354): Illuminate\\Support\\Collection->map()
#6 /var/www/woodson/thehub/vendor/laravel/framework/src/Illuminate/Foundation/Console/RouteListCommand.php(199): Illuminate\\Foundation\\Console\\RouteListCommand->forCli()
#7 /var/www/woodson/thehub/vendor/laravel/framework/src/Illuminate/Foundation/Console/RouteListCommand.php(107): Illuminate\\Foundation\\Console\\RouteListCommand->displayRoutes()
#8 /var/www/woodson/thehub/vendor/laravel/framework/src/Illuminate/Container/BoundMethod.php(36): Illuminate\\Foundation\\Console\\RouteListCommand->handle()
#9 /var/www/woodson/thehub/vendor/laravel/framework/src/Illuminate/Container/Util.php(43): Illuminate\\Container\\BoundMethod::Illuminate\\Container\\{closure}()
#10 /var/www/woodson/thehub/vendor/laravel/framework/src/Illuminate/Container/BoundMethod.php(95): Illuminate\\Container\\Util::unwrapIfClosure()
#11 /var/www/woodson/thehub/vendor/laravel/framework/src/Illuminate/Container/BoundMethod.php(35): Illuminate\\Container\\BoundMethod::callBoundMethod()
#12 /var/www/woodson/thehub/vendor/laravel/framework/src/Illuminate/Container/Container.php(696): Illuminate\\Container\\BoundMethod::call()
#13 /var/www/woodson/thehub/vendor/laravel/framework/src/Illuminate/Console/Command.php(213): Illuminate\\Container\\Container->call()
#14 /var/www/woodson/thehub/vendor/symfony/console/Command/Command.php(318): Illuminate\\Console\\Command->execute()
#15 /var/www/woodson/thehub/vendor/laravel/framework/src/Illuminate/Console/Command.php(182): Symfony\\Component\\Console\\Command\\Command->run()
#16 /var/www/woodson/thehub/vendor/symfony/console/Application.php(1073): Illuminate\\Console\\Command->run()
#17 /var/www/woodson/thehub/vendor/symfony/console/Application.php(356): Symfony\\Component\\Console\\Application->doRunCommand()
#18 /var/www/woodson/thehub/vendor/symfony/console/Application.php(195): Symfony\\Component\\Console\\Application->doRun()
#19 /var/www/woodson/thehub/vendor/laravel/framework/src/Illuminate/Foundation/Console/Kernel.php(198): Symfony\\Component\\Console\\Application->run()
#20 /var/www/woodson/thehub/vendor/laravel/framework/src/Illuminate/Foundation/Application.php(1235): Illuminate\\Foundation\\Console\\Kernel->handle()
#21 /var/www/woodson/thehub/artisan(16): Illuminate\\Foundation\\Application->handleCommand()
#22 {main}
"} 
